methodregionparams.C1.C1() pure
methodregionparams.C1.C1(methodregionparams.C1<R1>) writes R1
methodregionparams.C1.m1() writes R1
methodregionparams.C2.<>m2(methodregionparams.C1<R2>,int) writes R2
methodregionparams.C2.<>m2(methodregionparams.C1<R3>) writes R3
methodregionparams.C2.C2() pure
