regionparam.regionparams.C1.m writes R1, Root : regionparam.regionparams.C1.r1, Root : regionparam.regionparams.C2.r2
regionparam.regionparams.C2.m writes R2, Root : regionparam.regionparams.C1.r1, Root : regionparam.regionparams.C2.r2
