regionparam.writenestedregionparams.C1.C1() invokes java.lang.Object.Object()
regionparam.writenestedregionparams.C1.m() writes Root, Root : regionparam.writenestedregionparams.C1.r1
regionparam.writenestedregionparams.C2.C2() invokes java.lang.Object.Object()
