flatregion.callchain.C1.C1() pure
flatregion.callchain.C1.m1() writes Root : flatregion.callchain.C1.r1, Root : flatregion.callchain.C1.r3
flatregion.callchain.C2.C2() pure
flatregion.callchain.C2.m2() writes Root : flatregion.callchain.C2.r2
flatregion.callchain.C3.C3() pure
flatregion.callchain.C3.m3() writes Root : flatregion.callchain.C1.r1, Root : flatregion.callchain.C1.r3, Root : flatregion.callchain.C2.r2
