flatregion.singlemethodclass.SingleMethodClass.SingleMethodClass() pure
flatregion.singlemethodclass.SingleMethodClass.m1(java.util.Date) writes Root : flatregion.singlemethodclass.SingleMethodClass.r1
