A.A() invokes java.lang.Object.Object()
A.m() pure
B.B() invokes A.A() where { R1 -> Root }
B.m() writes Root, Root : B.r overrides A.m() where { R1 -> Root }
