A.A() pure
A.m() writes R1
B.B() pure
B.m() writes R2
