Body.<>subdivp(Node,HGStruct<R2>) reads R2
Body.Body() pure
Body.hackgrav(HGStruct<R1>,Node) reads R1
Body.walksub(Node,HGStruct<R1>) reads R1
HGStruct.HGStruct() pure
Node.<>subdivp(Node,HGStruct<R5>) reads R5
Node.Node() pure
Tree.Tree() pure
Tree.computegrav() reads Root, Root : [0]
