eight.C1.C1() invokes java.lang.Object.Object()
eight.C1.m1() writes X invokes eight.C2.m2() where { this -> X : *, Y -> X }
eight.C2.C2() invokes java.lang.Object.Object()
eight.C2.m2() writes Y invokes eight.C1.m1() where { this -> Y : eight.C2.L : *, X -> Y : eight.C2.L }
