two.C.C() pure
two.C.m1() reads Root : two.C.Q : two.C.L, X : two.C.L
two.C.m2() reads Root : two.C.Q : two.C.L
